first line

fix:second line
new feature: third line
new feature: fourth line
fix: fix #1
fix: fix #2 & fix #4
fix: fix #3
fix: fix #5
feature: feat #4
fix: #6
bc: breaking change
bc: #2 - bc doesn't work with feat
bc: #3 - bc doesn't work without bc comment?
bc: #4 - bc works when bc part is filled
git hook test: q
add stuff not to appear on chlog
flow #1
flow #2
fix-flow: #

werwe
rwe1
